// Vitest Snapshot v1, https://vitest.dev/guide/snapshot.html

exports[`renderJsonReport — migrate > renders the shape of Design §4.4 1`] = `
{
  "actions": [
    {
      "kind": "create",
      "reason": "custom-install-home",
      "target": "installHome/home.json",
    },
    {
      "kind": "create",
      "reason": "carry-over",
      "target": "installHome/ui/setup-state.json#agentTools",
    },
    {
      "from": "/fake/home/.paseo-bm/plugin/0.3.1",
      "kind": "plugin",
      "reason": "switch-to-npm",
      "target": "paseo-bm",
      "to": "npm:paseo-bm-plugin@0.4.0",
    },
    {
      "detail": "schemaVersion 2, so a 0.3.x build refuses to re-install over the npm plugin",
      "kind": "update",
      "reason": "migrated",
      "target": "installHome/install.json",
    },
  ],
  "command": "migrate",
  "migration": {
    "fallback": null,
    "from": "/fake/home/.paseo-bm/plugin/0.3.1",
    "outcome": "migrated",
    "to": "npm:paseo-bm-plugin@0.4.0",
  },
  "mode": "applied",
  "paseo": {
    "cliVersion": "0.9.2",
    "daemonVersion": "0.9.2",
    "home": "/fake/home/.paseo",
    "pluginsEnabled": false,
  },
  "paseoBmVersion": "0.4.0",
  "result": {
    "exitCode": 0,
    "pluginState": "disabled",
  },
  "roles": [],
  "schemaVersion": 1,
  "skills": null,
  "warnings": [
    {
      "code": "W_PLUGINS_DISABLED",
      "detail": "Paseo reports the plugin as disabled",
      "message": "Paseo reports the plugin as disabled: Paseo's own plugins switch is off.",
    },
  ],
}
`;
